2026-07-01T20:08:08 TAB detectado por el manejador de autocompletado.
2026-07-01T20:08:08 TAB ignorado por error al validar B4: getActiveCell
2026-07-01T20:09:38 TAB detectado por el manejador de autocompletado.
2026-07-01T20:09:38 Edicion activa aceptada antes de autocompletar.
2026-07-01T20:09:38 Buscando coincidencias para: 'e'
2026-07-01T20:09:38 Coincidencias encontradas: 2
2026-07-01T20:09:38 Se encontraron 2 coincidencias; abriendo selector modal.
2026-07-01T20:09:41 Selector confirmado con indice=1, producto='enterizo short'.
2026-07-01T20:09:41 Producto escrito en B4: 'enterizo short'
2026-07-01T20:09:44 TAB detectado por el manejador de autocompletado.
2026-07-01T20:09:44 Edicion activa aceptada antes de autocompletar.
2026-07-01T20:09:44 Buscando coincidencias para: 't'
2026-07-01T20:09:44 Coincidencias encontradas: 1
2026-07-01T20:09:44 Coincidencia unica detectada: 'test'
2026-07-01T20:09:44 Producto escrito en B4: 'test'
2026-07-01T20:09:46 TAB detectado por el manejador de autocompletado.
2026-07-01T20:09:46 Edicion activa aceptada antes de autocompletar.
2026-07-01T20:09:46 Buscando coincidencias para: 'e'
2026-07-01T20:09:46 Coincidencias encontradas: 2
2026-07-01T20:09:46 Se encontraron 2 coincidencias; abriendo selector modal.
2026-07-01T20:09:50 Selector confirmado con indice=1, producto='enterizo short'.
2026-07-01T20:09:50 Producto escrito en B4: 'enterizo short'
2026-07-01T20:11:03 TAB detectado por el manejador de autocompletado.
2026-07-01T20:11:03 Edicion activa aceptada antes de autocompletar.
2026-07-01T20:11:03 Buscando coincidencias para: 'e'
2026-07-01T20:11:03 Coincidencias encontradas: 2
2026-07-01T20:11:03 Se encontraron 2 coincidencias; abriendo selector modal.
2026-07-01T20:11:07 Selector cancelado por el usuario.
2026-07-01T20:11:07 No se aplico ningun producto desde el selector.
2026-07-01T20:11:10 TAB detectado por el manejador de autocompletado.
2026-07-01T20:11:10 Edicion activa aceptada antes de autocompletar.
2026-07-01T20:11:10 Buscando coincidencias para: 'ec'
2026-07-01T20:11:10 Coincidencias encontradas: 0
2026-07-01T20:11:10 No se encontraron coincidencias para: 'ec'
2026-07-01T20:11:14 TAB detectado por el manejador de autocompletado.
2026-07-01T20:11:14 Edicion activa aceptada antes de autocompletar.
2026-07-01T20:11:14 Buscando coincidencias para: 'es'
2026-07-01T20:11:14 Coincidencias encontradas: 0
2026-07-01T20:11:14 No se encontraron coincidencias para: 'es'
2026-07-01T20:20:13 TAB detectado por el manejador de autocompletado.
2026-07-01T20:20:13 Edicion activa aceptada antes de autocompletar.
2026-07-01T20:20:13 Buscando coincidencias por iniciales: 'es' -> 'e'
2026-07-01T20:20:13 Coincidencias por iniciales encontradas: 2
2026-07-01T20:20:13 Se encontraron 2 coincidencias; abriendo selector modal.
2026-07-01T20:20:19 Selector cancelado por el usuario.
2026-07-01T20:20:19 No se aplico ningun producto desde el selector.
2026-07-01T20:20:20 TAB detectado por el manejador de autocompletado.
2026-07-01T20:20:20 Edicion activa aceptada antes de autocompletar.
2026-07-01T20:20:20 Buscando coincidencias por iniciales: 'es' -> 'e'
2026-07-01T20:20:20 Coincidencias por iniciales encontradas: 2
2026-07-01T20:20:20 Se encontraron 2 coincidencias; abriendo selector modal.
2026-07-01T20:20:22 Selector cancelado por el usuario.
2026-07-01T20:20:22 No se aplico ningun producto desde el selector.
2026-07-01T20:26:54 TAB detectado por el manejador de autocompletado.
2026-07-01T20:26:54 Edicion activa aceptada antes de autocompletar.
2026-07-01T20:26:54 Buscando coincidencias por iniciales: 'es' -> 'es'
2026-07-01T20:26:54 Coincidencias por iniciales encontradas: 1
2026-07-01T20:26:54 Coincidencia unica detectada: 'enterizo short'
2026-07-01T20:26:55 Producto escrito en B4: 'enterizo short'
2026-07-01T20:26:58 TAB detectado por el manejador de autocompletado.
2026-07-01T20:26:58 Edicion activa aceptada antes de autocompletar.
2026-07-01T20:26:58 Buscando coincidencias por iniciales: 'e' -> 'e'
2026-07-01T20:26:58 Coincidencias por iniciales encontradas: 2
2026-07-01T20:26:58 Se encontraron 2 coincidencias; abriendo selector modal.
2026-07-01T20:27:00 Selector confirmado con indice=0, producto='enterizo completo'.
2026-07-01T20:27:00 Producto escrito en B4: 'enterizo completo'
2026-07-01T20:27:01 TAB detectado por el manejador de autocompletado.
2026-07-01T20:27:02 Edicion activa aceptada antes de autocompletar.
2026-07-01T20:27:02 Buscando coincidencias por iniciales: 'ec' -> 'ec'
2026-07-01T20:27:02 Coincidencias por iniciales encontradas: 1
2026-07-01T20:27:02 Coincidencia unica detectada: 'enterizo completo'
2026-07-01T20:27:02 Producto escrito en B4: 'enterizo completo'
2026-07-01T20:27:05 TAB detectado por el manejador de autocompletado.
2026-07-01T20:27:05 Edicion activa aceptada antes de autocompletar.
2026-07-01T20:27:05 Buscando coincidencias por iniciales: 't' -> 't'
2026-07-01T20:27:05 Coincidencias por iniciales encontradas: 1
2026-07-01T20:27:05 Coincidencia unica detectada: 'test'
2026-07-01T20:27:05 Producto escrito en B4: 'test'
2026-07-02T14:47:04 TAB detectado por el manejador de autocompletado.
2026-07-02T14:47:04 Edicion activa aceptada antes de autocompletar.
2026-07-02T14:47:04 Buscando coincidencias por iniciales: 'sh' -> 'sh'
2026-07-02T14:47:04 Coincidencias por iniciales encontradas: 1
2026-07-02T14:47:04 Coincidencia unica detectada: 'short de hombre'
2026-07-02T14:47:04 Producto escrito en B4: 'short de hombre'
